
> mobile-messenger-backend@0.1.0 start:dev
> ts-node-dev --respawn --transpile-only src/main.ts

[INFO] 18:21:19 ts-node-dev ver. 2.0.0 (using ts-node ver. 10.9.2, typescript ver. 5.9.3)
[32m[Nest] 24898  - [39m04/14/2026, 6:21:20 PM [32m    LOG[39m [38;5;3m[NestFactory] [39m[32mStarting Nest application...[39m
[32m[Nest] 24898  - [39m04/14/2026, 6:21:20 PM [32m    LOG[39m [38;5;3m[InstanceLoader] [39m[32mAppModule dependencies initialized[39m[38;5;3m +31ms[39m
[32m[Nest] 24898  - [39m04/14/2026, 6:21:20 PM [32m    LOG[39m [38;5;3m[InstanceLoader] [39m[32mTypeOrmModule dependencies initialized[39m[38;5;3m +0ms[39m
[32m[Nest] 24898  - [39m04/14/2026, 6:21:20 PM [32m    LOG[39m [38;5;3m[InstanceLoader] [39m[32mDocsModule dependencies initialized[39m[38;5;3m +0ms[39m
[32m[Nest] 24898  - [39m04/14/2026, 6:21:20 PM [32m    LOG[39m [38;5;3m[InstanceLoader] [39m[32mHealthModule dependencies initialized[39m[38;5;3m +0ms[39m
[32m[Nest] 24898  - [39m04/14/2026, 6:21:20 PM [32m    LOG[39m [38;5;3m[InstanceLoader] [39m[32mVersionModule dependencies initialized[39m[38;5;3m +0ms[39m
[32m[Nest] 24898  - [39m04/14/2026, 6:21:20 PM [32m    LOG[39m [38;5;3m[InstanceLoader] [39m[32mJwtModule dependencies initialized[39m[38;5;3m +0ms[39m
[32m[Nest] 24898  - [39m04/14/2026, 6:21:20 PM [32m    LOG[39m [38;5;3m[InstanceLoader] [39m[32mRealtimeModule dependencies initialized[39m[38;5;3m +0ms[39m
(node:24898) DeprecationWarning: Calling client.query() when the client is already executing a query is deprecated and will be removed in pg@9.0. Use async/await or an external async flow control mechanism instead.
(Use `node --trace-deprecation ...` to show where the warning was created)
[32m[Nest] 24898  - [39m04/14/2026, 6:21:20 PM [32m    LOG[39m [38;5;3m[InstanceLoader] [39m[32mTypeOrmCoreModule dependencies initialized[39m[38;5;3m +127ms[39m
[32m[Nest] 24898  - [39m04/14/2026, 6:21:20 PM [32m    LOG[39m [38;5;3m[InstanceLoader] [39m[32mTypeOrmModule dependencies initialized[39m[38;5;3m +1ms[39m
[32m[Nest] 24898  - [39m04/14/2026, 6:21:20 PM [32m    LOG[39m [38;5;3m[InstanceLoader] [39m[32mTypeOrmModule dependencies initialized[39m[38;5;3m +0ms[39m
[32m[Nest] 24898  - [39m04/14/2026, 6:21:20 PM [32m    LOG[39m [38;5;3m[InstanceLoader] [39m[32mTypeOrmModule dependencies initialized[39m[38;5;3m +0ms[39m
[32m[Nest] 24898  - [39m04/14/2026, 6:21:20 PM [32m    LOG[39m [38;5;3m[InstanceLoader] [39m[32mAuthModule dependencies initialized[39m[38;5;3m +6ms[39m
[32m[Nest] 24898  - [39m04/14/2026, 6:21:20 PM [32m    LOG[39m [38;5;3m[InstanceLoader] [39m[32mMediaModule dependencies initialized[39m[38;5;3m +0ms[39m
[32m[Nest] 24898  - [39m04/14/2026, 6:21:20 PM [32m    LOG[39m [38;5;3m[InstanceLoader] [39m[32mChatModule dependencies initialized[39m[38;5;3m +0ms[39m
[32m[Nest] 24898  - [39m04/14/2026, 6:21:20 PM [32m    LOG[39m [38;5;3m[RoutesResolver] [39m[32mDocsController {/api}:[39m[38;5;3m +32ms[39m
[32m[Nest] 24898  - [39m04/14/2026, 6:21:20 PM [32m    LOG[39m [38;5;3m[RouterExplorer] [39m[32mMapped {/api, GET} route[39m[38;5;3m +1ms[39m
[32m[Nest] 24898  - [39m04/14/2026, 6:21:20 PM [32m    LOG[39m [38;5;3m[RoutesResolver] [39m[32mHealthController {/api/health}:[39m[38;5;3m +0ms[39m
[32m[Nest] 24898  - [39m04/14/2026, 6:21:20 PM [32m    LOG[39m [38;5;3m[RouterExplorer] [39m[32mMapped {/api/health, GET} route[39m[38;5;3m +1ms[39m
[32m[Nest] 24898  - [39m04/14/2026, 6:21:20 PM [32m    LOG[39m [38;5;3m[RoutesResolver] [39m[32mVersionController {/api/version}:[39m[38;5;3m +0ms[39m
[32m[Nest] 24898  - [39m04/14/2026, 6:21:20 PM [32m    LOG[39m [38;5;3m[RouterExplorer] [39m[32mMapped {/api/version, GET} route[39m[38;5;3m +0ms[39m
[32m[Nest] 24898  - [39m04/14/2026, 6:21:20 PM [32m    LOG[39m [38;5;3m[RoutesResolver] [39m[32mAuthController {/api/auth}:[39m[38;5;3m +0ms[39m
[32m[Nest] 24898  - [39m04/14/2026, 6:21:20 PM [32m    LOG[39m [38;5;3m[RouterExplorer] [39m[32mMapped {/api/auth/request, POST} route[39m[38;5;3m +0ms[39m
[32m[Nest] 24898  - [39m04/14/2026, 6:21:20 PM [32m    LOG[39m [38;5;3m[RouterExplorer] [39m[32mMapped {/api/auth/verify, POST} route[39m[38;5;3m +0ms[39m
[32m[Nest] 24898  - [39m04/14/2026, 6:21:20 PM [32m    LOG[39m [38;5;3m[RouterExplorer] [39m[32mMapped {/api/auth/login, POST} route[39m[38;5;3m +0ms[39m
[32m[Nest] 24898  - [39m04/14/2026, 6:21:20 PM [32m    LOG[39m [38;5;3m[RouterExplorer] [39m[32mMapped {/api/auth/me, GET} route[39m[38;5;3m +0ms[39m
[32m[Nest] 24898  - [39m04/14/2026, 6:21:20 PM [32m    LOG[39m [38;5;3m[RouterExplorer] [39m[32mMapped {/api/auth/contacts, GET} route[39m[38;5;3m +0ms[39m
[32m[Nest] 24898  - [39m04/14/2026, 6:21:20 PM [32m    LOG[39m [38;5;3m[RoutesResolver] [39m[32mRealtimeController {/api/realtime}:[39m[38;5;3m +0ms[39m
[32m[Nest] 24898  - [39m04/14/2026, 6:21:20 PM [32m    LOG[39m [38;5;3m[RouterExplorer] [39m[32mMapped {/api/realtime/events, GET} route[39m[38;5;3m +0ms[39m
[32m[Nest] 24898  - [39m04/14/2026, 6:21:20 PM [32m    LOG[39m [38;5;3m[RoutesResolver] [39m[32mMediaController {/api/media}:[39m[38;5;3m +0ms[39m
[32m[Nest] 24898  - [39m04/14/2026, 6:21:20 PM [32m    LOG[39m [38;5;3m[RouterExplorer] [39m[32mMapped {/api/media/upload-url, POST} route[39m[38;5;3m +1ms[39m
[32m[Nest] 24898  - [39m04/14/2026, 6:21:20 PM [32m    LOG[39m [38;5;3m[RouterExplorer] [39m[32mMapped {/api/media/:mediaID/confirm, POST} route[39m[38;5;3m +0ms[39m
[32m[Nest] 24898  - [39m04/14/2026, 6:21:20 PM [32m    LOG[39m [38;5;3m[RoutesResolver] [39m[32mChatController {/api/chats}:[39m[38;5;3m +0ms[39m
[32m[Nest] 24898  - [39m04/14/2026, 6:21:20 PM [32m    LOG[39m [38;5;3m[RouterExplorer] [39m[32mMapped {/api/chats, POST} route[39m[38;5;3m +0ms[39m
[32m[Nest] 24898  - [39m04/14/2026, 6:21:20 PM [32m    LOG[39m [38;5;3m[RouterExplorer] [39m[32mMapped {/api/chats, GET} route[39m[38;5;3m +0ms[39m
[32m[Nest] 24898  - [39m04/14/2026, 6:21:20 PM [32m    LOG[39m [38;5;3m[RouterExplorer] [39m[32mMapped {/api/chats/:chatID/messages, GET} route[39m[38;5;3m +0ms[39m
[32m[Nest] 24898  - [39m04/14/2026, 6:21:20 PM [32m    LOG[39m [38;5;3m[RouterExplorer] [39m[32mMapped {/api/chats/:chatID/messages, POST} route[39m[38;5;3m +0ms[39m
[32m[Nest] 24898  - [39m04/14/2026, 6:21:20 PM [32m    LOG[39m [38;5;3m[RouterExplorer] [39m[32mMapped {/api/chats/:chatID/messages/:messageID/read, POST} route[39m[38;5;3m +0ms[39m
[32m[Nest] 24898  - [39m04/14/2026, 6:21:20 PM [32m    LOG[39m [38;5;3m[RouterExplorer] [39m[32mMapped {/api/chats/:chatID/typing, POST} route[39m[38;5;3m +0ms[39m
[32m[Nest] 24898  - [39m04/14/2026, 6:21:20 PM [32m    LOG[39m [38;5;3m[NestApplication] [39m[32mNest application successfully started[39m[38;5;3m +11ms[39m
API is ready on http://localhost:8080/api with 2 CORS origin(s)
